======================================
ZH inversion run log
Start time: 20260409 222801.038
======================================
Mode                : REAL DATA
ZH data path        : /public/home/xiangyy/Project_ZHv2.0/datasets_Yunnan/ZHdata
Grid (nx,ny,nz)     :     55     65     14
Origin (goxd,gozd)  :    30.8000    96.0000
Spacing (dvxd,dvzd) :     0.2000     0.2000
Vs range            :     1.5000     4.5000
Max iteration       :     10
Tik order           :      1
Reg weight          :     0.2000
Direction flag      :      0
Adaptive radius min :     0.3150
Output prefix       : real_
======================================
Number of ZH stations:        343
Total ZH data points :       5585
obsZH source         : real ZH observations
Adaptive radii by station
Format: RADIUS i=... lat=... lon=... radius=... nper=...
RADIUS i=     1 lat=     21.1874 lon=    101.6963 radius=    1.360603 nper=     2
RADIUS i=     2 lat=     21.2684 lon=    101.2941 radius=    0.389549 nper=     7
RADIUS i=     3 lat=     21.5584 lon=    100.3619 radius=    0.356841 nper=     5
RADIUS i=     4 lat=     21.6512 lon=    101.3663 radius=    0.315000 nper=    11
RADIUS i=     5 lat=     21.6888 lon=    100.7231 radius=    0.363919 nper=    12
RADIUS i=     6 lat=     21.6946 lon=    101.1914 radius=    0.315000 nper=    11
RADIUS i=     7 lat=     21.6973 lon=    100.0332 radius=    0.356841 nper=     5
RADIUS i=     8 lat=     21.7240 lon=    101.6277 radius=    0.840377 nper=     8
RADIUS i=     9 lat=     21.8992 lon=    101.2427 radius=    0.315000 nper=    11
RADIUS i=    10 lat=     21.9176 lon=    100.4401 radius=    0.363919 nper=    14
RADIUS i=    11 lat=     22.1180 lon=    100.8609 radius=    0.402699 nper=    15
RADIUS i=    12 lat=     22.1643 lon=    101.4883 radius=    0.315000 nper=    12
RADIUS i=    13 lat=     22.2648 lon=    100.0435 radius=    0.382750 nper=    14
RADIUS i=    14 lat=     22.3068 lon=    100.5052 radius=    0.315000 nper=    15
RADIUS i=    15 lat=     22.4532 lon=    101.5390 radius=    0.315000 nper=    12
RADIUS i=    16 lat=     22.4706 lon=    106.6454 radius=    1.749037 nper=     8
RADIUS i=    17 lat=     22.4943 lon=    102.2070 radius=    1.012362 nper=     7
RADIUS i=    18 lat=     22.5031 lon=    101.0540 radius=    0.430801 nper=    15
RADIUS i=    19 lat=     22.5115 lon=    107.0203 radius=    0.377125 nper=     8
RADIUS i=    20 lat=     22.5260 lon=    103.9981 radius=    1.706723 nper=    15
RADIUS i=    21 lat=     22.5705 lon=    100.5682 radius=    0.315000 nper=    15
RADIUS i=    22 lat=     22.5751 lon=    101.8685 radius=    0.348011 nper=    12
RADIUS i=    23 lat=     22.5753 lon=    100.2673 radius=    0.315000 nper=    16
RADIUS i=    24 lat=     22.5937 lon=     99.6087 radius=    2.405664 nper=    12
RADIUS i=    25 lat=     22.6065 lon=    103.1609 radius=    1.422343 nper=     8
RADIUS i=    26 lat=     22.7833 lon=    101.4563 radius=    0.315000 nper=    14
RADIUS i=    27 lat=     22.8034 lon=    100.2045 radius=    0.315000 nper=    17
RADIUS i=    28 lat=     22.8056 lon=    102.2393 radius=    0.315000 nper=    14
RADIUS i=    29 lat=     22.8106 lon=    103.9607 radius=    0.315000 nper=    15
RADIUS i=    30 lat=     22.8260 lon=    100.6129 radius=    0.315000 nper=    15
RADIUS i=    31 lat=     22.8708 lon=     99.7644 radius=    0.315000 nper=    14
RADIUS i=    32 lat=     22.8804 lon=    104.7168 radius=    1.777063 nper=    16
RADIUS i=    33 lat=     22.9312 lon=    102.8045 radius=    0.315000 nper=    11
RADIUS i=    34 lat=     22.9596 lon=    103.7082 radius=    0.315000 nper=    20
RADIUS i=    35 lat=     22.9606 lon=    101.9623 radius=    0.315010 nper=    15
RADIUS i=    36 lat=     22.9744 lon=    104.4285 radius=    0.315000 nper=    20
RADIUS i=    37 lat=     22.9849 lon=    102.3876 radius=    0.315000 nper=    13
RADIUS i=    38 lat=     23.0140 lon=    101.0532 radius=    0.400322 nper=    14
RADIUS i=    39 lat=     23.0229 lon=    106.6007 radius=    0.315000 nper=    17
RADIUS i=    40 lat=     23.0255 lon=    101.6318 radius=    0.315000 nper=    15
RADIUS i=    41 lat=     23.0535 lon=    106.9537 radius=    0.345473 nper=    17
RADIUS i=    42 lat=     23.0676 lon=    100.6309 radius=    0.315000 nper=    16
RADIUS i=    43 lat=     23.0956 lon=    103.1973 radius=    0.370515 nper=    15
RADIUS i=    44 lat=     23.1332 lon=     99.9146 radius=    0.315000 nper=    16
RADIUS i=    45 lat=     23.1587 lon=    106.2373 radius=    0.315000 nper=    18
RADIUS i=    46 lat=     23.1818 lon=    102.7847 radius=    0.315000 nper=    15
RADIUS i=    47 lat=     23.1964 lon=    104.0078 radius=    0.381881 nper=    20
RADIUS i=    48 lat=     23.2027 lon=    103.5520 radius=    0.315000 nper=    20
RADIUS i=    49 lat=     23.2228 lon=    100.2154 radius=    0.315000 nper=    15
RADIUS i=    50 lat=     23.2753 lon=    101.9763 radius=    0.315000 nper=    14
RADIUS i=    51 lat=     23.2763 lon=    101.3916 radius=    0.317609 nper=    15
RADIUS i=    52 lat=     23.2871 lon=    100.7605 radius=    0.315000 nper=    13
RADIUS i=    53 lat=     23.2908 lon=     99.0988 radius=    0.343293 nper=     7
RADIUS i=    54 lat=     23.3255 lon=    105.8583 radius=    0.414079 nper=    15
RADIUS i=    55 lat=     23.3279 lon=    105.4387 radius=    0.395874 nper=    20
RADIUS i=    56 lat=     23.3315 lon=    106.6193 radius=    0.315000 nper=    19
RADIUS i=    57 lat=     23.3627 lon=    102.3399 radius=    0.388562 nper=    14
RADIUS i=    58 lat=     23.3674 lon=    105.0448 radius=    0.382941 nper=    20
RADIUS i=    59 lat=     23.3731 lon=    101.6941 radius=    0.315000 nper=    15
RADIUS i=    60 lat=     23.3989 lon=    106.9608 radius=    0.345473 nper=    18
RADIUS i=    61 lat=     23.4268 lon=    100.0399 radius=    0.315000 nper=    17
RADIUS i=    62 lat=     23.4376 lon=    106.2889 radius=    0.315000 nper=    19
RADIUS i=    63 lat=     23.4410 lon=    104.6690 radius=    0.331275 nper=    20
RADIUS i=    64 lat=     23.4484 lon=    103.5079 radius=    0.315000 nper=    20
RADIUS i=    65 lat=     23.4664 lon=     99.8433 radius=    0.315000 nper=    15
RADIUS i=    66 lat=     23.5461 lon=     99.3924 radius=    0.315000 nper=    15
RADIUS i=    67 lat=     23.5540 lon=     98.8784 radius=    0.343293 nper=    10
RADIUS i=    68 lat=     23.5849 lon=    103.8863 radius=    0.315539 nper=    20
RADIUS i=    69 lat=     23.5958 lon=    100.2919 radius=    0.315000 nper=    17
RADIUS i=    70 lat=     23.5964 lon=    101.2801 radius=    0.328242 nper=    15
RADIUS i=    71 lat=     23.6817 lon=    106.7607 radius=    0.340878 nper=    19
RADIUS i=    72 lat=     23.6959 lon=    100.9673 radius=    0.328242 nper=    15
RADIUS i=    73 lat=     23.7020 lon=    103.2351 radius=    0.336724 nper=    20
RADIUS i=    74 lat=     23.7023 lon=     99.5713 radius=    0.315000 nper=    15
RADIUS i=    75 lat=     23.7062 lon=    106.4207 radius=    0.315000 nper=    19
RADIUS i=    76 lat=     23.7529 lon=    103.6192 radius=    0.315539 nper=    20
RADIUS i=    77 lat=     23.7580 lon=    104.5728 radius=    0.329237 nper=    20
RADIUS i=    78 lat=     23.7620 lon=    105.1987 radius=    0.315000 nper=    20
RADIUS i=    79 lat=     23.7720 lon=    105.9677 radius=    0.429766 nper=    20
RADIUS i=    80 lat=     23.7898 lon=    104.2451 radius=    0.315000 nper=    20
RADIUS i=    81 lat=     23.8540 lon=    102.3613 radius=    0.320335 nper=    16
RADIUS i=    82 lat=     23.8964 lon=     99.0267 radius=    0.373136 nper=    12
RADIUS i=    83 lat=     23.9586 lon=    100.4121 radius=    0.315000 nper=    17
RADIUS i=    84 lat=     23.9750 lon=    105.5889 radius=    0.417263 nper=    20
RADIUS i=    85 lat=     23.9798 lon=    106.9570 radius=    0.356930 nper=    15
RADIUS i=    86 lat=     23.9964 lon=    106.5168 radius=    0.315000 nper=    19
RADIUS i=    87 lat=     23.9977 lon=    101.1056 radius=    0.331978 nper=    15
RADIUS i=    88 lat=     24.0166 lon=     99.7345 radius=    0.315000 nper=    18
RADIUS i=    89 lat=     24.0210 lon=    103.1273 radius=    0.357330 nper=    19
RADIUS i=    90 lat=     24.0370 lon=    101.5689 radius=    0.339887 nper=    15
RADIUS i=    91 lat=     24.0390 lon=    105.0973 radius=    0.315000 nper=    20
RADIUS i=    92 lat=     24.0461 lon=    102.0051 radius=    0.404700 nper=    17
RADIUS i=    93 lat=     24.0580 lon=    103.8367 radius=    0.315000 nper=    20
RADIUS i=    94 lat=     24.0734 lon=    103.4402 radius=    0.315000 nper=    20
RADIUS i=    95 lat=     24.0768 lon=    104.3744 radius=    0.315000 nper=    20
RADIUS i=    96 lat=     24.1350 lon=     98.5652 radius=    0.315000 nper=    16
RADIUS i=    97 lat=     24.1396 lon=    104.7840 radius=    0.316671 nper=    20
RADIUS i=    98 lat=     24.1604 lon=    100.3692 radius=    0.315000 nper=    16
RADIUS i=    99 lat=     24.1720 lon=    102.3999 radius=    0.316425 nper=    17
RADIUS i=   100 lat=     24.1827 lon=     97.7857 radius=    0.315000 nper=     7
RADIUS i=   101 lat=     24.1874 lon=    106.1993 radius=    0.370521 nper=    13
RADIUS i=   102 lat=     24.1995 lon=    100.7810 radius=    0.315000 nper=    14
RADIUS i=   103 lat=     24.2045 lon=     99.5529 radius=    0.315000 nper=    15
RADIUS i=   104 lat=     24.2527 lon=    103.6439 radius=    0.315000 nper=    20
RADIUS i=   105 lat=     24.2851 lon=    104.4230 radius=    0.315000 nper=    20
RADIUS i=   106 lat=     24.2996 lon=    104.0416 radius=    0.315000 nper=    20
RADIUS i=   107 lat=     24.2999 lon=    105.0571 radius=    0.315000 nper=    20
RADIUS i=   108 lat=     24.3191 lon=     99.9445 radius=    0.368251 nper=    18
RADIUS i=   109 lat=     24.3221 lon=     99.0384 radius=    0.315000 nper=    17
RADIUS i=   110 lat=     24.3368 lon=     98.3382 radius=    0.315000 nper=    17
RADIUS i=   111 lat=     24.3496 lon=    106.7397 radius=    0.376197 nper=    17
RADIUS i=   112 lat=     24.3511 lon=    105.8587 radius=    0.321225 nper=    20
RADIUS i=   113 lat=     24.3583 lon=    105.4240 radius=    0.315000 nper=    20
RADIUS i=   114 lat=     24.3764 lon=    101.5871 radius=    0.315000 nper=    13
RADIUS i=   115 lat=     24.4001 lon=     97.7334 radius=    0.315000 nper=     7
RADIUS i=   116 lat=     24.4072 lon=    102.9820 radius=    0.315000 nper=    20
RADIUS i=   117 lat=     24.4360 lon=    102.4379 radius=    0.409976 nper=    19
RADIUS i=   118 lat=     24.4547 lon=    100.8079 radius=    0.315000 nper=    18
RADIUS i=   119 lat=     24.4972 lon=     98.0252 radius=    0.315000 nper=    15
RADIUS i=   120 lat=     24.5117 lon=    105.1838 radius=    0.315000 nper=    19
RADIUS i=   121 lat=     24.5256 lon=     99.6235 radius=    0.315000 nper=    19
RADIUS i=   122 lat=     24.5305 lon=     99.3405 radius=    0.315000 nper=    18
RADIUS i=   123 lat=     24.5394 lon=    104.0765 radius=    0.315000 nper=    20
RADIUS i=   124 lat=     24.5412 lon=    103.7579 radius=    0.315000 nper=    20
RADIUS i=   125 lat=     24.5549 lon=     99.0327 radius=    0.315000 nper=    17
RADIUS i=   126 lat=     24.5665 lon=    105.6204 radius=    0.315000 nper=    19
RADIUS i=   127 lat=     24.5862 lon=    106.1376 radius=    0.315000 nper=    17
RADIUS i=   128 lat=     24.5924 lon=    100.4688 radius=    0.315000 nper=    19
RADIUS i=   129 lat=     24.6108 lon=     97.6569 radius=    0.315000 nper=     7
RADIUS i=   130 lat=     24.6133 lon=    106.4714 radius=    0.334892 nper=    18
RADIUS i=   131 lat=     24.6290 lon=    102.9957 radius=    0.315000 nper=    17
RADIUS i=   132 lat=     24.6419 lon=    100.7201 radius=    0.315000 nper=    18
RADIUS i=   133 lat=     24.6617 lon=    103.4338 radius=    0.315000 nper=    20
RADIUS i=   134 lat=     24.6619 lon=     98.2176 radius=    0.315000 nper=    17
RADIUS i=   135 lat=     24.6675 lon=    104.8961 radius=    0.315000 nper=    20
RADIUS i=   136 lat=     24.6878 lon=    101.6318 radius=    0.315000 nper=    15
RADIUS i=   137 lat=     24.6927 lon=    104.4470 radius=    0.332250 nper=    20
RADIUS i=   138 lat=     24.6942 lon=     98.8349 radius=    0.315000 nper=    17
RADIUS i=   139 lat=     24.7084 lon=    100.1993 radius=    0.315000 nper=    20
RADIUS i=   140 lat=     24.7113 lon=     99.8799 radius=    0.315000 nper=    19
RADIUS i=   141 lat=     24.7230 lon=     97.9699 radius=    0.315000 nper=    17
RADIUS i=   142 lat=     24.7484 lon=     98.4848 radius=    0.315000 nper=    17
RADIUS i=   143 lat=     24.7523 lon=     99.1663 radius=    0.315000 nper=    17
RADIUS i=   144 lat=     24.7623 lon=    101.2409 radius=    0.397936 nper=    15
RADIUS i=   145 lat=     24.7890 lon=    102.5997 radius=    0.319632 nper=    19
RADIUS i=   146 lat=     24.8184 lon=    103.9905 radius=    0.315000 nper=    20
RADIUS i=   147 lat=     24.8207 lon=    105.9405 radius=    0.315000 nper=    18
RADIUS i=   148 lat=     24.8650 lon=    100.0906 radius=    0.315000 nper=    20
RADIUS i=   149 lat=     24.8759 lon=    107.0133 radius=    0.354886 nper=    11
RADIUS i=   150 lat=     24.8769 lon=     99.6452 radius=    0.315000 nper=    18
RADIUS i=   151 lat=     24.8953 lon=    103.5305 radius=    0.315000 nper=    19
RADIUS i=   152 lat=     24.9037 lon=     98.6668 radius=    0.315000 nper=    17
RADIUS i=   153 lat=     24.9134 lon=    103.1459 radius=    0.315000 nper=    19
RADIUS i=   154 lat=     24.9263 lon=    104.8961 radius=    0.315000 nper=    20
RADIUS i=   155 lat=     24.9340 lon=    106.6632 radius=    0.354886 nper=    15
RADIUS i=   156 lat=     24.9451 lon=    105.5328 radius=    0.315000 nper=    20
RADIUS i=   157 lat=     24.9769 lon=    104.6191 radius=    0.315000 nper=    20
RADIUS i=   158 lat=     24.9789 lon=    102.3426 radius=    0.343941 nper=    14
RADIUS i=   159 lat=     24.9958 lon=     99.8364 radius=    0.315000 nper=    20
RADIUS i=   160 lat=     25.0148 lon=    100.2165 radius=    0.315000 nper=    20
RADIUS i=   161 lat=     25.0394 lon=    100.8163 radius=    0.315000 nper=    20
RADIUS i=   162 lat=     25.0541 lon=    100.5226 radius=    0.315000 nper=    20
RADIUS i=   163 lat=     25.0685 lon=    103.3927 radius=    0.315000 nper=    19
RADIUS i=   164 lat=     25.0840 lon=     99.4801 radius=    0.315000 nper=    20
RADIUS i=   165 lat=     25.1079 lon=     97.9351 radius=    0.922450 nper=    16
RADIUS i=   166 lat=     25.1538 lon=    102.0759 radius=    0.318934 nper=    15
RADIUS i=   167 lat=     25.1964 lon=     98.8432 radius=    0.315000 nper=    17
RADIUS i=   168 lat=     25.2060 lon=    104.0726 radius=    0.346725 nper=    20
RADIUS i=   169 lat=     25.2093 lon=    105.0602 radius=    0.315000 nper=    19
RADIUS i=   170 lat=     25.2151 lon=    102.4915 radius=    0.315000 nper=    15
RADIUS i=   171 lat=     25.2174 lon=     98.3349 radius=    0.360815 nper=    17
RADIUS i=   172 lat=     25.2362 lon=    105.6513 radius=    0.315000 nper=    15
RADIUS i=   173 lat=     25.2415 lon=    100.3223 radius=    0.315000 nper=    20
RADIUS i=   174 lat=     25.2618 lon=    104.6977 radius=    0.315000 nper=    19
RADIUS i=   175 lat=     25.2955 lon=     99.4137 radius=    0.315000 nper=    20
RADIUS i=   176 lat=     25.2994 lon=    106.1390 radius=    0.334900 nper=    16
RADIUS i=   177 lat=     25.3070 lon=    101.5412 radius=    0.426256 nper=    16
RADIUS i=   178 lat=     25.3088 lon=    106.6018 radius=    0.315000 nper=     8
RADIUS i=   179 lat=     25.3230 lon=    100.8988 radius=    0.315000 nper=    20
RADIUS i=   180 lat=     25.3419 lon=     99.7771 radius=    0.315000 nper=    20
RADIUS i=   181 lat=     25.3512 lon=    100.4927 radius=    0.315000 nper=    20
RADIUS i=   182 lat=     25.3524 lon=    104.3869 radius=    0.315000 nper=    20
RADIUS i=   183 lat=     25.3880 lon=    102.6606 radius=    0.315000 nper=    19
RADIUS i=   184 lat=     25.4504 lon=     98.8634 radius=    0.315000 nper=    16
RADIUS i=   185 lat=     25.4681 lon=    104.9799 radius=    0.315000 nper=    17
RADIUS i=   186 lat=     25.4711 lon=    101.9346 radius=    0.347339 nper=    16
RADIUS i=   187 lat=     25.4808 lon=    103.7647 radius=    0.315000 nper=    16
RADIUS i=   188 lat=     25.4847 lon=     99.2376 radius=    0.315000 nper=    15
RADIUS i=   189 lat=     25.4893 lon=     99.9868 radius=    0.315000 nper=    20
RADIUS i=   190 lat=     25.5118 lon=     98.5435 radius=    1.114676 nper=    15
RADIUS i=   191 lat=     25.5253 lon=    103.1752 radius=    0.502007 nper=    14
RADIUS i=   192 lat=     25.5407 lon=     99.7276 radius=    0.315000 nper=    20
RADIUS i=   193 lat=     25.5666 lon=    100.4992 radius=    0.315000 nper=    20
RADIUS i=   194 lat=     25.5945 lon=    100.8957 radius=    0.315000 nper=    20
RADIUS i=   195 lat=     25.6054 lon=    105.6190 radius=    0.315000 nper=    16
RADIUS i=   196 lat=     25.6066 lon=    106.7016 radius=    0.417476 nper=    11
RADIUS i=   197 lat=     25.6323 lon=     99.4024 radius=    0.315000 nper=    19
RADIUS i=   198 lat=     25.6326 lon=    106.1727 radius=    0.315000 nper=    12
RADIUS i=   199 lat=     25.6494 lon=    104.3094 radius=    0.315000 nper=    16
RADIUS i=   200 lat=     25.7509 lon=    103.8948 radius=    0.315000 nper=    16
RADIUS i=   201 lat=     25.8148 lon=     99.8317 radius=    0.315000 nper=    20
RADIUS i=   202 lat=     25.8259 lon=    102.1033 radius=    0.354614 nper=    14
RADIUS i=   203 lat=     25.8486 lon=    100.5173 radius=    0.315000 nper=    20
RADIUS i=   204 lat=     25.8697 lon=    102.4552 radius=    0.325939 nper=    15
RADIUS i=   205 lat=     25.9002 lon=    104.5463 radius=    0.344996 nper=    17
RADIUS i=   206 lat=     25.9077 lon=    100.0954 radius=    0.315000 nper=    20
RADIUS i=   207 lat=     25.9079 lon=    102.8502 radius=    0.385758 nper=    15
RADIUS i=   208 lat=     25.9115 lon=    105.5808 radius=    0.315000 nper=    12
RADIUS i=   209 lat=     25.9151 lon=    104.9713 radius=    0.334766 nper=    15
RADIUS i=   210 lat=     25.9242 lon=    100.8564 radius=    0.315000 nper=    18
RADIUS i=   211 lat=     25.9264 lon=    106.1231 radius=    0.315000 nper=    13
RADIUS i=   212 lat=     25.9383 lon=    106.5880 radius=    0.649279 nper=     8
RADIUS i=   213 lat=     26.0612 lon=    101.6543 radius=    0.563856 nper=    10
RADIUS i=   214 lat=     26.0780 lon=    101.0810 radius=    0.315000 nper=    16
RADIUS i=   215 lat=     26.1228 lon=    103.5644 radius=    0.394740 nper=    16
RADIUS i=   216 lat=     26.1294 lon=    100.2519 radius=    0.315000 nper=    19
RADIUS i=   217 lat=     26.1743 lon=    102.5712 radius=    0.623665 nper=    11
RADIUS i=   218 lat=     26.2006 lon=     99.1301 radius=    0.315000 nper=    15
RADIUS i=   219 lat=     26.2037 lon=     99.4303 radius=    0.315000 nper=    19
RADIUS i=   220 lat=     26.2105 lon=    105.1288 radius=    0.334766 nper=    12
RADIUS i=   221 lat=     26.2944 lon=    100.5963 radius=    0.315000 nper=    20
RADIUS i=   222 lat=     26.2984 lon=    105.5654 radius=    0.387206 nper=    12
RADIUS i=   223 lat=     26.3070 lon=    104.6888 radius=    0.324202 nper=    12
RADIUS i=   224 lat=     26.3421 lon=    104.3665 radius=    0.324202 nper=    15
RADIUS i=   225 lat=     26.3549 lon=    101.1896 radius=    0.521944 nper=    14
RADIUS i=   226 lat=     26.3578 lon=     98.8863 radius=    1.229757 nper=    14
RADIUS i=   227 lat=     26.3647 lon=    100.1752 radius=    0.315000 nper=    19
RADIUS i=   228 lat=     26.4083 lon=    103.2918 radius=    0.394740 nper=    15
RADIUS i=   229 lat=     26.4412 lon=    101.0282 radius=    0.315000 nper=    13
RADIUS i=   230 lat=     26.4552 lon=     99.1423 radius=    0.315000 nper=    15
RADIUS i=   231 lat=     26.4634 lon=     99.4184 radius=    0.315000 nper=    18
RADIUS i=   232 lat=     26.4646 lon=    103.8534 radius=    0.364610 nper=    18
RADIUS i=   233 lat=     26.5380 lon=     99.8962 radius=    0.315000 nper=    19
RADIUS i=   234 lat=     26.5426 lon=    100.4929 radius=    0.315000 nper=    16
RADIUS i=   235 lat=     26.6654 lon=     99.5507 radius=    0.315000 nper=    19
RADIUS i=   236 lat=     26.6809 lon=    106.1060 radius=    0.457462 nper=     9
RADIUS i=   237 lat=     26.6923 lon=     98.8997 radius=    1.247217 nper=    14
RADIUS i=   238 lat=     26.6940 lon=    105.7273 radius=    0.356129 nper=    15
RADIUS i=   239 lat=     26.7373 lon=     99.1532 radius=    0.315000 nper=    16
RADIUS i=   240 lat=     26.7524 lon=    100.4812 radius=    0.315000 nper=    17
RADIUS i=   241 lat=     26.7580 lon=    104.5285 radius=    0.446337 nper=    14
RADIUS i=   242 lat=     26.7611 lon=    104.0656 radius=    0.364610 nper=    15
RADIUS i=   243 lat=     26.7613 lon=    104.9940 radius=    0.332985 nper=    12
RADIUS i=   244 lat=     26.8405 lon=     99.8985 radius=    0.315000 nper=    19
RADIUS i=   245 lat=     26.8658 lon=     99.3807 radius=    0.315000 nper=    19
RADIUS i=   246 lat=     26.9940 lon=    100.9993 radius=    0.330212 nper=    15
RADIUS i=   247 lat=     26.9948 lon=    103.3462 radius=    0.373562 nper=    17
RADIUS i=   248 lat=     26.9949 lon=    100.7909 radius=    0.315000 nper=    15
RADIUS i=   249 lat=     27.0242 lon=    105.8607 radius=    0.356129 nper=    18
RADIUS i=   250 lat=     27.0278 lon=     98.8688 radius=    0.315000 nper=    10
RADIUS i=   251 lat=     27.0452 lon=    105.4156 radius=    0.381586 nper=    19
RADIUS i=   252 lat=     27.0559 lon=    106.3348 radius=    0.365573 nper=    17
RADIUS i=   253 lat=     27.0677 lon=    106.8879 radius=    0.532963 nper=    11
RADIUS i=   254 lat=     27.0848 lon=    104.9151 radius=    0.332985 nper=    15
RADIUS i=   255 lat=     27.0979 lon=     99.1723 radius=    0.315000 nper=    18
RADIUS i=   256 lat=     27.1039 lon=    103.8795 radius=    0.334245 nper=    19
RADIUS i=   257 lat=     27.1346 lon=    101.4862 radius=    0.398625 nper=    13
RADIUS i=   258 lat=     27.1527 lon=    100.3982 radius=    0.315000 nper=    16
RADIUS i=   259 lat=     27.2127 lon=    101.8771 radius=    0.650637 nper=    13
RADIUS i=   260 lat=     27.2286 lon=    103.1885 radius=    0.583761 nper=    15
RADIUS i=   261 lat=     27.2470 lon=    100.0246 radius=    0.315000 nper=    16
RADIUS i=   262 lat=     27.2945 lon=    100.8424 radius=    0.315000 nper=    16
RADIUS i=   263 lat=     27.2991 lon=     99.6386 radius=    0.381367 nper=    18
RADIUS i=   264 lat=     27.3594 lon=    104.0950 radius=    0.315000 nper=    15
RADIUS i=   265 lat=     27.3636 lon=     99.0865 radius=    0.315000 nper=    15
RADIUS i=   266 lat=     27.3651 lon=    106.9585 radius=    0.315000 nper=    15
RADIUS i=   267 lat=     27.3770 lon=     98.8433 radius=    0.315000 nper=    12
RADIUS i=   268 lat=     27.3922 lon=    106.0612 radius=    0.328694 nper=    20
RADIUS i=   269 lat=     27.3942 lon=    105.5699 radius=    0.381586 nper=    20
RADIUS i=   270 lat=     27.4058 lon=    106.4407 radius=    0.340835 nper=    20
RADIUS i=   271 lat=     27.4246 lon=    100.4111 radius=    0.315000 nper=    16
RADIUS i=   272 lat=     27.4406 lon=    104.8671 radius=    0.359021 nper=    20
RADIUS i=   273 lat=     27.4978 lon=    100.0643 radius=    0.315000 nper=    18
RADIUS i=   274 lat=     27.5002 lon=    104.4643 radius=    0.315000 nper=    20
RADIUS i=   275 lat=     27.5044 lon=    104.4586 radius=    0.315000 nper=    20
RADIUS i=   276 lat=     27.6011 lon=    103.5167 radius=    0.315000 nper=    19
RADIUS i=   277 lat=     27.6054 lon=     99.4114 radius=    0.381367 nper=    18
RADIUS i=   278 lat=     27.6343 lon=    104.0501 radius=    0.315000 nper=    19
RADIUS i=   279 lat=     27.6376 lon=    103.3088 radius=    0.315000 nper=    18
RADIUS i=   280 lat=     27.6866 lon=    107.0151 radius=    0.315000 nper=    15
RADIUS i=   281 lat=     27.7034 lon=    105.9554 radius=    0.317427 nper=    20
RADIUS i=   282 lat=     27.7092 lon=    106.2854 radius=    0.315000 nper=    20
RADIUS i=   283 lat=     27.7260 lon=    106.6479 radius=    0.315000 nper=    19
RADIUS i=   284 lat=     27.7509 lon=    101.9344 radius=    0.466838 nper=    12
RADIUS i=   285 lat=     27.7565 lon=    101.4676 radius=    0.466838 nper=    16
RADIUS i=   286 lat=     27.7602 lon=    103.4806 radius=    0.315000 nper=    16
RADIUS i=   287 lat=     27.7747 lon=    100.6359 radius=    0.315000 nper=    16
RADIUS i=   288 lat=     27.7997 lon=    100.0207 radius=    0.315000 nper=    18
RADIUS i=   289 lat=     27.8002 lon=    100.7321 radius=    0.315000 nper=    16
RADIUS i=   290 lat=     27.8160 lon=    105.5856 radius=    0.315000 nper=    20
RADIUS i=   291 lat=     27.8517 lon=    105.0412 radius=    0.316392 nper=    20
RADIUS i=   292 lat=     27.8561 lon=    104.4745 radius=    0.352059 nper=    20
RADIUS i=   293 lat=     27.8687 lon=     98.3353 radius=    1.112166 nper=     7
RADIUS i=   294 lat=     27.9384 lon=    107.1107 radius=    0.315000 nper=    15
RADIUS i=   295 lat=     27.9707 lon=    106.1266 radius=    0.315000 nper=    20
RADIUS i=   296 lat=     27.9992 lon=    103.5379 radius=    0.315000 nper=    17
RADIUS i=   297 lat=     28.0034 lon=    105.3358 radius=    0.315000 nper=    20
RADIUS i=   298 lat=     28.0155 lon=    106.5648 radius=    0.315000 nper=    19
RADIUS i=   299 lat=     28.0225 lon=     98.6083 radius=    0.315000 nper=    11
RADIUS i=   300 lat=     28.0262 lon=     99.4917 radius=    0.315000 nper=    16
RADIUS i=   301 lat=     28.0416 lon=    105.7721 radius=    0.315000 nper=    20
RADIUS i=   302 lat=     28.0673 lon=     98.9073 radius=    0.315000 nper=    15
RADIUS i=   303 lat=     28.0948 lon=    104.8387 radius=    0.315000 nper=    20
RADIUS i=   304 lat=     28.1529 lon=     99.7434 radius=    0.315000 nper=    16
RADIUS i=   305 lat=     28.1584 lon=    100.8494 radius=    0.376918 nper=    12
RADIUS i=   306 lat=     28.1985 lon=    106.9762 radius=    0.315000 nper=    17
RADIUS i=   307 lat=     28.2265 lon=    101.6304 radius=    1.267452 nper=    13
RADIUS i=   308 lat=     28.2276 lon=    103.6417 radius=    1.375156 nper=    17
RADIUS i=   309 lat=     28.2384 lon=    105.1846 radius=    0.315000 nper=    20
RADIUS i=   310 lat=     28.2489 lon=     99.2933 radius=    0.315000 nper=    18
RADIUS i=   311 lat=     28.2702 lon=    104.1233 radius=    0.483478 nper=    18
RADIUS i=   312 lat=     28.2987 lon=    105.5342 radius=    0.315000 nper=    20
RADIUS i=   313 lat=     28.3118 lon=    106.2377 radius=    0.321826 nper=    20
RADIUS i=   314 lat=     28.3159 lon=    106.5595 radius=    0.315000 nper=    20
RADIUS i=   315 lat=     28.3473 lon=    105.8168 radius=    0.315000 nper=    20
RADIUS i=   316 lat=     28.3692 lon=    104.8709 radius=    0.315000 nper=    20
RADIUS i=   317 lat=     28.4178 lon=     99.2554 radius=    0.315000 nper=    18
RADIUS i=   318 lat=     28.4908 lon=     98.9107 radius=    0.332166 nper=    15
RADIUS i=   319 lat=     28.5400 lon=    100.8586 radius=    0.881530 nper=     4
RADIUS i=   320 lat=     28.5590 lon=    105.2491 radius=    0.315000 nper=    20
RADIUS i=   321 lat=     28.5606 lon=    100.3512 radius=    0.480001 nper=    14
RADIUS i=   322 lat=     28.5757 lon=     99.6839 radius=    0.315000 nper=    16
RADIUS i=   323 lat=     28.6065 lon=    106.4070 radius=    0.328185 nper=    20
RADIUS i=   324 lat=     28.6462 lon=    106.9722 radius=    0.315000 nper=    15
RADIUS i=   325 lat=     28.6478 lon=    105.6776 radius=    0.315000 nper=    20
RADIUS i=   326 lat=     28.6508 lon=    106.7488 radius=    0.315000 nper=    19
RADIUS i=   327 lat=     28.7181 lon=     99.8921 radius=    0.315000 nper=    15
RADIUS i=   328 lat=     28.7346 lon=     98.6851 radius=    0.315000 nper=    14
RADIUS i=   329 lat=     28.8073 lon=    105.1573 radius=    0.393137 nper=    20
RADIUS i=   330 lat=     28.8089 lon=     99.2872 radius=    0.315000 nper=    15
RADIUS i=   331 lat=     28.8202 lon=    104.7960 radius=    0.392664 nper=    20
RADIUS i=   332 lat=     28.8744 lon=    106.1408 radius=    0.325105 nper=    20
RADIUS i=   333 lat=     28.8764 lon=    106.6192 radius=    0.315000 nper=    17
RADIUS i=   334 lat=     28.9201 lon=    105.7463 radius=    0.315000 nper=    19
RADIUS i=   335 lat=     28.9518 lon=     99.0227 radius=    0.315000 nper=    14
RADIUS i=   336 lat=     29.0114 lon=     99.3554 radius=    0.349110 nper=    15
RADIUS i=   337 lat=     29.0273 lon=     98.6124 radius=    0.985153 nper=    14
RADIUS i=   338 lat=     29.0376 lon=    100.2976 radius=    0.579010 nper=     8
RADIUS i=   339 lat=     29.0625 lon=    107.0913 radius=    0.315000 nper=    12
RADIUS i=   340 lat=     29.0782 lon=    106.8196 radius=    0.315000 nper=    15
